xxxkoshaster@YES-MAN:~/Documents/Zayks/lb2$ cc generator.c -o gen
xxxkoshaster@YES-MAN:~/Documents/Zayks/lb2$ ./gen
File 'input.txt' created sucsesful.
xxxkoshaster@YES-MAN:~/Documents/Zayks/lb2$ cc students_dump.c -o dump
xxxkoshaster@YES-MAN:~/Documents/Zayks/lb2$ ./dump data < input.txt
xxxkoshaster@YES-MAN:~/Documents/Zayks/lb2$ cc cool_students.c -o ans
xxxkoshaster@YES-MAN:~/Documents/Zayks/lb2$ ./ans -f data
Surname    | Initials  | Sex    | Group   | Examen | Test
----------------------------------------------------------
Kuznezova  | S.S.      | female | 109     | 4      | 4   
----------------------------------------------------------
Vorobyova  | P.P.      | male   | 114     | 4      | 5   
----------------------------------------------------------
Kuznezov   | I.I.      | male   | 114     | 5      | 3   
----------------------------------------------------------
Sidorov    | G.G.      | female | 112     | 3      | 4   
----------------------------------------------------------
Smirnova   | P.P.      | male   | 114     | 2      | 2   
----------------------------------------------------------
Vorobyova  | K.K.      | female | 103     | 5      | 2   
----------------------------------------------------------
Smirnova   | I.I.      | male   | 114     | 4      | 5   
----------------------------------------------------------
Kuznezov   | G.G.      | female | 104     | 4      | 3   
----------------------------------------------------------
Petov      | I.I.      | female | 103     | 2      | 2   
----------------------------------------------------------
Smirnova   | S.S.      | male   | 113     | 2      | 5   
----------------------------------------------------------
Kuznezova  | K.K.      | female | 101     | 5      | 5   
----------------------------------------------------------
Kuznezov   | A.A.      | male   | 112     | 4      | 5   
----------------------------------------------------------
Ivanov     | P.P.      | female | 114     | 3      | 4   
----------------------------------------------------------
Kuznezov   | P.P.      | male   | 106     | 5      | 5   
----------------------------------------------------------
Kuznezova  | G.G.      | female | 107     | 5      | 4   
----------------------------------------------------------
Sidorova   | A.A.      | male   | 101     | 2      | 3   
----------------------------------------------------------
Smirnov    | K.K.      | male   | 107     | 2      | 3   
----------------------------------------------------------
Kuznezova  | A.A.      | female | 113     | 4      | 5   
----------------------------------------------------------
Ivanov     | P.P.      | female | 108     | 4      | 3   
----------------------------------------------------------
Petova     | S.S.      | male   | 101     | 3      | 4   
xxxkoshaster@YES-MAN:~/Documents/Zayks/lb2$ ./ans -p data
Group with the highest average female marks: 101
xxxkoshaster@YES-MAN:~/Documents/Zayks/lb2$ cc students_dump.c -o dump
xxxkoshaster@YES-MAN:~/Documents/Zayks/lb2$ ./dump data < input.txt
File 'data' created sucsesful.
xxxkoshaster@YES-MAN:~/Documents/Zayks/lb2$ ./ans -f data
Surname    | Initials  | Sex    | Group   | Examen | Test
----------------------------------------------------------
Kuznezova  | S.S.      | female | 109     | 4      | 4   
----------------------------------------------------------
Vorobyova  | P.P.      | male   | 114     | 4      | 5   
----------------------------------------------------------
Kuznezov   | I.I.      | male   | 114     | 5      | 3   
----------------------------------------------------------
Sidorov    | G.G.      | female | 112     | 3      | 4   
----------------------------------------------------------
Smirnova   | P.P.      | male   | 114     | 2      | 2   
----------------------------------------------------------
Vorobyova  | K.K.      | female | 103     | 5      | 2   
----------------------------------------------------------
Smirnova   | I.I.      | male   | 114     | 4      | 5   
----------------------------------------------------------
Kuznezov   | G.G.      | female | 104     | 4      | 3   
----------------------------------------------------------
Petov      | I.I.      | female | 103     | 2      | 2   
----------------------------------------------------------
Smirnova   | S.S.      | male   | 113     | 2      | 5   
----------------------------------------------------------
Kuznezova  | K.K.      | female | 101     | 5      | 5   
----------------------------------------------------------
Kuznezov   | A.A.      | male   | 112     | 4      | 5   
----------------------------------------------------------
Ivanov     | P.P.      | female | 114     | 3      | 4   
----------------------------------------------------------
Kuznezov   | P.P.      | male   | 106     | 5      | 5   
----------------------------------------------------------
Kuznezova  | G.G.      | female | 107     | 5      | 4   
----------------------------------------------------------
Sidorova   | A.A.      | male   | 101     | 2      | 3   
----------------------------------------------------------
Smirnov    | K.K.      | male   | 107     | 2      | 3   
----------------------------------------------------------
Kuznezova  | A.A.      | female | 113     | 4      | 5   
----------------------------------------------------------
Ivanov     | P.P.      | female | 108     | 4      | 3   
----------------------------------------------------------
Petova     | S.S.      | male   | 101     | 3      | 4   
xxxkoshaster@YES-MAN:~/Documents/Zayks/lb2$ ./ans -p data
Group with the highest average female marks: 101
xxxkoshaster@YES-MAN:~/Documents/Zayks/lb2$ ./gen
File 'input.txt' created sucsesful.
xxxkoshaster@YES-MAN:~/Documents/Zayks/lb2$ ./dump data < input.txt
File 'data' created sucsesful.
xxxkoshaster@YES-MAN:~/Documents/Zayks/lb2$ ./ans -p data
Group with the highest average female marks: 104
xxxkoshaster@YES-MAN:~/Documents/Zayks/lb2$ ./ans -f data
Surname    | Initials  | Sex    | Group   | Examen | Test
----------------------------------------------------------
Sidorova   | P.P.      | female | 104     | 5      | 5   
----------------------------------------------------------
Vorobyova  | S.S.      | male   | 109     | 3      | 2   
----------------------------------------------------------
Petova     | S.S.      | male   | 101     | 4      | 4   
----------------------------------------------------------
Vorobyov   | A.A.      | male   | 102     | 3      | 3   
----------------------------------------------------------
Ivanova    | S.S.      | female | 111     | 3      | 4   
----------------------------------------------------------
Sidorov    | I.I.      | male   | 114     | 3      | 2   
----------------------------------------------------------
Ivanova    | I.I.      | male   | 101     | 4      | 2   
----------------------------------------------------------
Kuznezova  | P.P.      | female | 101     | 3      | 2   
----------------------------------------------------------
Ivanova    | I.I.      | male   | 101     | 4      | 4   
----------------------------------------------------------
Ivanov     | I.I.      | female | 108     | 2      | 3   
----------------------------------------------------------
Smirnova   | S.S.      | male   | 101     | 2      | 2   
----------------------------------------------------------
Ivanov     | A.A.      | female | 111     | 5      | 4   
----------------------------------------------------------
Vorobyova  | K.K.      | female | 101     | 3      | 3   
----------------------------------------------------------
Smirnova   | S.S.      | male   | 102     | 5      | 3   
----------------------------------------------------------
Petov      | S.S.      | female | 102     | 2      | 4   
----------------------------------------------------------
Petova     | K.K.      | female | 105     | 5      | 2   
----------------------------------------------------------
Kuznezov   | P.P.      | male   | 102     | 5      | 4   
----------------------------------------------------------
Smirnova   | I.I.      | male   | 110     | 2      | 3   
----------------------------------------------------------
Vorobyova  | K.K.      | male   | 112     | 4      | 2   
----------------------------------------------------------
Vorobyova  | A.A.      | female | 104     | 3      | 3   
xxxkoshaster@YES-MAN:~/Documents/Zayks/lb2$ ./gen
File 'input.txt' created sucsesful.
xxxkoshaster@YES-MAN:~/Documents/Zayks/lb2$ ./dump data < input.txt
File 'data' created sucsesful.
xxxkoshaster@YES-MAN:~/Documents/Zayks/lb2$ ./ans -f data
Surname    | Initials  | Sex    | Group   | Examen | Test
----------------------------------------------------------
Petov      | A.A.      | male   | 104     | 2      | 4   
----------------------------------------------------------
Vorobyov   | A.A.      | female | 103     | 4      | 2   
----------------------------------------------------------
Kuznezov   | G.G.      | female | 106     | 2      | 3   
----------------------------------------------------------
Vorobyova  | K.K.      | male   | 108     | 3      | 2   
----------------------------------------------------------
Petova     | I.I.      | male   | 115     | 5      | 4   
----------------------------------------------------------
Kuznezov   | P.P.      | female | 114     | 5      | 5   
----------------------------------------------------------
Smirnov    | I.I.      | male   | 109     | 4      | 3   
----------------------------------------------------------
Sidorov    | P.P.      | female | 112     | 3      | 3   
----------------------------------------------------------
Sidorova   | S.S.      | female | 113     | 2      | 5   
----------------------------------------------------------
Petov      | P.P.      | female | 112     | 5      | 5   
----------------------------------------------------------
Vorobyov   | S.S.      | female | 113     | 2      | 5   
----------------------------------------------------------
Ivanova    | S.S.      | male   | 103     | 4      | 3   
----------------------------------------------------------
Vorobyova  | P.P.      | male   | 111     | 5      | 2   
----------------------------------------------------------
Smirnov    | K.K.      | female | 105     | 3      | 2   
----------------------------------------------------------
Smirnova   | I.I.      | male   | 105     | 3      | 4   
----------------------------------------------------------
Vorobyov   | A.A.      | female | 110     | 3      | 2   
----------------------------------------------------------
Petov      | I.I.      | female | 108     | 3      | 4   
----------------------------------------------------------
Smirnova   | S.S.      | male   | 101     | 2      | 5   
----------------------------------------------------------
Vorobyov   | A.A.      | female | 104     | 5      | 5   
----------------------------------------------------------
Vorobyov   | G.G.      | female | 103     | 5      | 5   
xxxkoshaster@YES-MAN:~/Documents/Zayks/lb2$ ./ans -p data
Group with the highest average female marks: 114
xxxkoshaster@YES-MAN:~/Documents/Zayks/lb2$ ./gen
File 'input.txt' created sucsesful.
xxxkoshaster@YES-MAN:~/Documents/Zayks/lb2$ ./dump data < input.txt
File 'data' created sucsesful.
xxxkoshaster@YES-MAN:~/Documents/Zayks/lb2$ ./ans -f data
Surname    | Initials  | Sex    | Group   | Examen | Test
----------------------------------------------------------
Petova     | I.I.      | male   | 104     | 3      | 3   
----------------------------------------------------------
Vorobyov   | S.S.      | male   | 111     | 2      | 5   
----------------------------------------------------------
Vorobyov   | P.P.      | female | 106     | 3      | 5   
----------------------------------------------------------
Ivanov     | P.P.      | female | 101     | 3      | 2   
----------------------------------------------------------
Kuznezov   | I.I.      | female | 115     | 2      | 2   
----------------------------------------------------------
Kuznezova  | P.P.      | male   | 109     | 5      | 4   
----------------------------------------------------------
Petova     | S.S.      | female | 110     | 4      | 5   
----------------------------------------------------------
Vorobyov   | P.P.      | female | 102     | 4      | 3   
----------------------------------------------------------
Kuznezov   | K.K.      | male   | 115     | 3      | 4   
----------------------------------------------------------
Ivanova    | A.A.      | male   | 110     | 4      | 5   
----------------------------------------------------------
Ivanova    | G.G.      | male   | 107     | 3      | 4   
----------------------------------------------------------
Sidorov    | P.P.      | male   | 101     | 5      | 3   
----------------------------------------------------------
Vorobyova  | G.G.      | female | 109     | 3      | 4   
----------------------------------------------------------
Petov      | A.A.      | male   | 115     | 4      | 5   
----------------------------------------------------------
Smirnov    | S.S.      | male   | 106     | 4      | 3   
----------------------------------------------------------
Petova     | I.I.      | female | 102     | 2      | 4   
----------------------------------------------------------
Ivanov     | S.S.      | male   | 110     | 4      | 4   
----------------------------------------------------------
Smirnov    | I.I.      | male   | 102     | 3      | 2   
----------------------------------------------------------
Vorobyova  | S.S.      | male   | 104     | 2      | 5   
----------------------------------------------------------
Kuznezov   | P.P.      | male   | 109     | 2      | 3   
xxxkoshaster@YES-MAN:~/Documents/Zayks/lb2$ ./ans -p data
Group with the highest average female marks: 110
xxxkoshaster@YES-MAN:~/Documents/Zayks/lb2$ ./gen
File 'input.txt' created sucsesful.
xxxkoshaster@YES-MAN:~/Documents/Zayks/lb2$ ./dump < input.txt
Usage: program filename
shaster@YES-MAN:~/Documents/Zayks/lb2$ ./dump data < input.txt
File 'data' created sucsesful.
xxxkoshaster@YES-MAN:~/Documents/Zayks/lb2$ ./ans data
Usage: program parametr(f/p) filename
xxxkoshaster@YES-MAN:~/Documents/Zayks/lb2$ ./ans -p
Usage: program parametr(f/p) filename
xxxkoshaster@YES-MAN:~/Documents/Zayks/lb2$ ./ans -f
Usage: program parametr(f/p) filename
xxxkoshaster@YES-MAN:~/Documents/Zayks/lb2$ ./ans -p data
Group with the highest average female marks: 108
xxxkoshaster@YES-MAN:~/Documents/Zayks/lb2$ ./ans -f data
Surname    | Initials  | Sex    | Group   | Examen | Test
----------------------------------------------------------
Smirnov    | G.G.      | male   | 106     | 5      | 5   
----------------------------------------------------------
Ivanov     | S.S.      | female | 109     | 3      | 5   
----------------------------------------------------------
Kuznezova  | S.S.      | male   | 101     | 2      | 2   
----------------------------------------------------------
Kuznezov   | I.I.      | female | 109     | 4      | 2   
----------------------------------------------------------
Vorobyova  | G.G.      | female | 102     | 2      | 3   
----------------------------------------------------------
Smirnov    | G.G.      | male   | 113     | 2      | 2   
----------------------------------------------------------
Vorobyov   | A.A.      | female | 115     | 5      | 2   
----------------------------------------------------------
Petova     | S.S.      | female | 101     | 3      | 4   
----------------------------------------------------------
Sidorov    | S.S.      | female | 102     | 3      | 2   
----------------------------------------------------------
Vorobyov   | A.A.      | male   | 114     | 5      | 4   
----------------------------------------------------------
Smirnova   | S.S.      | male   | 106     | 4      | 5   
----------------------------------------------------------
Sidorova   | G.G.      | male   | 105     | 5      | 4   
----------------------------------------------------------
Smirnova   | A.A.      | male   | 105     | 2      | 2   
----------------------------------------------------------
Smirnova   | G.G.      | female | 112     | 5      | 3   
----------------------------------------------------------
Kuznezova  | I.I.      | male   | 104     | 3      | 2   
----------------------------------------------------------
Smirnov    | A.A.      | female | 108     | 5      | 4   
----------------------------------------------------------
Sidorov    | P.P.      | female | 112     | 4      | 3   
----------------------------------------------------------
Smirnov    | S.S.      | male   | 104     | 3      | 5   
----------------------------------------------------------
Petova     | K.K.      | female | 102     | 2      | 4   
----------------------------------------------------------
Smirnov    | P.P.      | female | 102     | 5      | 2   

